2025-11-30 13:59:17,133 - SensorManager - INFO - Starting all sensor processes...
2025-11-30 13:59:17,134 - SensorManager - INFO - Sensor imet is disabled
2025-11-30 13:59:17,137 - SensorManager - INFO - Started pom (PID: 52471)
2025-11-30 13:59:17,138 - SensorManager - INFO - Waiting 2s for pom to initialize...
2025-11-30 13:59:19,141 - SensorManager - INFO - Sensor trisonica is disabled
2025-11-30 13:59:19,144 - SensorManager - INFO - Started spectro (PID: 52496)
2025-11-30 13:59:19,145 - SensorManager - INFO - Waiting 2s for spectro to initialize...
2025-11-30 13:59:21,147 - SensorManager - INFO - Waiting 15s before starting merger...
2025-11-30 13:59:36,166 - SensorManager - INFO - Started merger (PID: 52564)
2025-11-30 13:59:36,167 - SensorManager - INFO - All processes started
2025-11-30 13:59:36,168 - SensorManager - INFO - Sensor controller running. Press Ctrl+C to stop.
2025-11-30 14:00:36,228 - SensorManager - INFO - === Status Report ===
2025-11-30 14:00:36,229 - SensorManager - INFO -   pom: RUNNING (Exit: None)
2025-11-30 14:00:36,229 - SensorManager - INFO -   spectro: RUNNING (Exit: None)
2025-11-30 14:00:36,229 - SensorManager - INFO -   Merger: RUNNING
2025-11-30 14:00:36,230 - SensorManager - INFO - =====================
2025-11-30 14:00:36,327 - SensorManager - INFO - Shutting down...
2025-11-30 14:00:36,328 - SensorManager - INFO - Stopping all processes...
2025-11-30 14:00:36,328 - SensorManager - INFO - Stopping merger process...
2025-11-30 14:00:36,332 - SensorManager - INFO - Merger stopped
2025-11-30 14:00:36,333 - SensorManager - INFO - Stopping pom...
2025-11-30 14:00:36,341 - SensorManager - INFO - Stopped pom
2025-11-30 14:00:36,341 - SensorManager - INFO - Stopping spectro...
2025-11-30 14:00:36,349 - SensorManager - INFO - Stopped spectro
2025-11-30 14:00:36,349 - SensorManager - INFO - Stopping all processes...
2025-11-30 14:29:33,916 - SensorManager - INFO - Starting all sensor processes...
2025-11-30 14:29:33,920 - SensorManager - INFO - Started imet (PID: 53094)
2025-11-30 14:29:33,921 - SensorManager - INFO - Waiting 5s for imet to initialize...
2025-11-30 14:29:38,923 - SensorManager - INFO - Sensor pom is disabled
2025-11-30 14:29:38,929 - SensorManager - INFO - Started trisonica (PID: 53142)
2025-11-30 14:29:38,931 - SensorManager - INFO - Waiting 5s for trisonica to initialize...
2025-11-30 14:29:43,936 - SensorManager - INFO - Sensor spectro is disabled
2025-11-30 14:29:43,937 - SensorManager - INFO - Waiting 15s before starting merger...
2025-11-30 14:29:58,951 - SensorManager - INFO - Started merger (PID: 53219)
2025-11-30 14:29:58,953 - SensorManager - INFO - All processes started
2025-11-30 14:29:58,953 - SensorManager - INFO - Sensor controller running. Press Ctrl+C to stop.
2025-11-30 14:30:50,509 - SensorManager - INFO - Shutting down...
2025-11-30 14:30:50,510 - SensorManager - INFO - Stopping all processes...
2025-11-30 14:30:50,511 - SensorManager - INFO - Stopping merger process...
2025-11-30 14:30:50,521 - SensorManager - INFO - Merger stopped
2025-11-30 14:30:50,522 - SensorManager - INFO - Stopping imet...
2025-11-30 14:30:50,539 - SensorManager - INFO - Stopped imet
2025-11-30 14:30:50,540 - SensorManager - INFO - Stopping trisonica...
2025-11-30 14:30:50,549 - SensorManager - INFO - Stopped trisonica
2025-11-30 14:30:50,550 - SensorManager - INFO - Stopping all processes...
2025-11-30 15:38:56,939 - SensorManager - INFO - Starting all sensor processes...
2025-11-30 15:38:56,943 - SensorManager - INFO - Started imet (PID: 53624)
2025-11-30 15:38:56,944 - SensorManager - INFO - Waiting 5s for imet to initialize...
2025-11-30 15:39:01,951 - SensorManager - INFO - Sensor pom is disabled
2025-11-30 15:39:01,958 - SensorManager - INFO - Started trisonica (PID: 53665)
2025-11-30 15:39:01,960 - SensorManager - INFO - Waiting 5s for trisonica to initialize...
2025-11-30 15:39:06,966 - SensorManager - INFO - Sensor spectro is disabled
2025-11-30 15:39:06,966 - SensorManager - INFO - Waiting 15s before starting merger...
2025-11-30 15:39:21,988 - SensorManager - INFO - Started merger (PID: 53725)
2025-11-30 15:39:21,990 - SensorManager - INFO - All processes started
2025-11-30 15:39:21,991 - SensorManager - INFO - Sensor controller running. Press Ctrl+C to stop.
2025-11-30 15:39:53,908 - SensorManager - INFO - Shutting down...
2025-11-30 15:39:53,910 - SensorManager - INFO - Stopping all processes...
2025-11-30 15:39:53,912 - SensorManager - INFO - Stopping merger process...
2025-11-30 15:39:53,918 - SensorManager - INFO - Merger stopped
2025-11-30 15:39:53,920 - SensorManager - INFO - Stopping imet...
2025-11-30 15:39:53,929 - SensorManager - INFO - Stopped imet
2025-11-30 15:39:53,931 - SensorManager - INFO - Stopping trisonica...
2025-11-30 15:39:53,948 - SensorManager - INFO - Stopped trisonica
2025-11-30 15:39:53,948 - SensorManager - INFO - Stopping all processes...
2025-12-01 14:14:14,251 - SensorManager - INFO - Starting all sensor processes...
2025-12-01 14:14:14,254 - SensorManager - INFO - Started imet (PID: 68712)
2025-12-01 14:14:14,255 - SensorManager - INFO - Waiting 5s for imet to initialize...
2025-12-01 14:14:19,256 - SensorManager - INFO - Sensor pom is disabled
2025-12-01 14:14:19,257 - SensorManager - INFO - Sensor trisonica is disabled
2025-12-01 14:14:19,260 - SensorManager - INFO - Started spectro (PID: 68779)
2025-12-01 14:14:19,260 - SensorManager - INFO - Waiting 2s for spectro to initialize...
2025-12-01 14:14:21,262 - SensorManager - INFO - Waiting 15s before starting merger...
2025-12-01 14:14:36,278 - SensorManager - INFO - Started merger (PID: 68825)
2025-12-01 14:14:36,279 - SensorManager - INFO - All processes started
2025-12-01 14:14:36,280 - SensorManager - INFO - Sensor controller running. Press Ctrl+C to stop.
2025-12-01 14:14:56,524 - SensorManager - INFO - Shutting down...
2025-12-01 14:14:56,525 - SensorManager - INFO - Stopping all processes...
2025-12-01 14:14:56,525 - SensorManager - INFO - Stopping merger process...
2025-12-01 14:14:56,529 - SensorManager - INFO - Merger stopped
2025-12-01 14:14:56,529 - SensorManager - INFO - Stopping imet...
2025-12-01 14:14:56,533 - SensorManager - INFO - Stopped imet
2025-12-01 14:14:56,534 - SensorManager - INFO - Stopping spectro...
2025-12-01 14:14:56,542 - SensorManager - INFO - Stopped spectro
2025-12-01 14:14:56,542 - SensorManager - INFO - Stopping all processes...
2025-12-01 15:19:30,592 - SensorManager - INFO - Starting all sensor processes...
2025-12-01 15:19:30,596 - SensorManager - INFO - Started imet (PID: 70992)
2025-12-01 15:19:30,598 - SensorManager - INFO - Waiting 5s for imet to initialize...
2025-12-01 15:19:35,605 - SensorManager - INFO - Sensor pom is disabled
2025-12-01 15:19:35,606 - SensorManager - INFO - Sensor trisonica is disabled
2025-12-01 15:19:35,613 - SensorManager - INFO - Started spectro (PID: 71018)
2025-12-01 15:19:35,614 - SensorManager - INFO - Waiting 2s for spectro to initialize...
2025-12-01 15:19:37,615 - SensorManager - INFO - Waiting 15s before starting merger...
2025-12-01 15:19:52,637 - SensorManager - INFO - Started merger (PID: 71093)
2025-12-01 15:19:52,638 - SensorManager - INFO - All processes started
2025-12-01 15:19:52,639 - SensorManager - INFO - Sensor controller running. Press Ctrl+C to stop.
2025-12-01 15:20:05,371 - SensorManager - INFO - Shutting down...
2025-12-01 15:20:05,372 - SensorManager - INFO - Stopping all processes...
2025-12-01 15:20:05,372 - SensorManager - INFO - Stopping merger process...
2025-12-01 15:20:05,379 - SensorManager - INFO - Merger stopped
2025-12-01 15:20:05,380 - SensorManager - INFO - Stopping imet...
2025-12-01 15:20:05,397 - SensorManager - INFO - Stopped imet
2025-12-01 15:20:05,398 - SensorManager - INFO - Stopping spectro...
2025-12-01 15:20:05,415 - SensorManager - INFO - Stopped spectro
2025-12-01 15:20:05,416 - SensorManager - INFO - Stopping all processes...
2025-12-02 11:07:10,647 - SensorManager - INFO - Starting all sensor processes...
2025-12-02 11:07:10,651 - SensorManager - INFO - Started imet (PID: 76478)
2025-12-02 11:07:10,652 - SensorManager - INFO - Waiting 5s for imet to initialize...
2025-12-02 11:07:15,657 - SensorManager - INFO - Sensor pom is disabled
2025-12-02 11:07:15,658 - SensorManager - INFO - Sensor trisonica is disabled
2025-12-02 11:07:15,665 - SensorManager - INFO - Started spectro (PID: 76525)
2025-12-02 11:07:15,666 - SensorManager - INFO - Waiting 2s for spectro to initialize...
2025-12-02 11:07:17,669 - SensorManager - INFO - Waiting 15s before starting merger...
2025-12-02 11:07:32,688 - SensorManager - INFO - Started merger (PID: 76582)
2025-12-02 11:07:32,689 - SensorManager - INFO - All processes started
2025-12-02 11:07:32,690 - SensorManager - INFO - Sensor controller running. Press Ctrl+C to stop.
2025-12-02 11:07:37,270 - SensorManager - INFO - Shutting down...
2025-12-02 11:07:37,270 - SensorManager - INFO - Stopping all processes...
2025-12-02 11:07:37,271 - SensorManager - INFO - Stopping merger process...
2025-12-02 11:07:37,275 - SensorManager - INFO - Merger stopped
2025-12-02 11:07:37,275 - SensorManager - INFO - Stopping imet...
2025-12-02 11:07:37,283 - SensorManager - INFO - Stopped imet
2025-12-02 11:07:37,283 - SensorManager - INFO - Stopping spectro...
2025-12-02 11:07:37,292 - SensorManager - INFO - Stopped spectro
2025-12-02 11:07:37,292 - SensorManager - INFO - Stopping all processes...
2025-12-02 11:09:26,397 - SensorManager - INFO - Starting all sensor processes...
2025-12-02 11:09:26,401 - SensorManager - INFO - Started imet (PID: 76676)
2025-12-02 11:09:26,403 - SensorManager - INFO - Waiting 5s for imet to initialize...
2025-12-02 11:09:31,409 - SensorManager - INFO - Sensor pom is disabled
2025-12-02 11:09:31,409 - SensorManager - INFO - Sensor trisonica is disabled
2025-12-02 11:09:31,413 - SensorManager - INFO - Started spectro (PID: 76718)
2025-12-02 11:09:31,413 - SensorManager - INFO - Waiting 2s for spectro to initialize...
2025-12-02 11:09:33,416 - SensorManager - INFO - Waiting 15s before starting merger...
2025-12-02 11:09:48,434 - SensorManager - INFO - Started merger (PID: 76781)
2025-12-02 11:09:48,436 - SensorManager - INFO - All processes started
2025-12-02 11:09:48,436 - SensorManager - INFO - Sensor controller running. Press Ctrl+C to stop.
2025-12-02 11:09:48,437 - SensorManager - WARNING - Sensor imet died (exit code: 1), restarting...
2025-12-02 11:09:48,442 - SensorManager - INFO - Started imet (PID: 76783)
2025-12-02 11:09:53,449 - SensorManager - WARNING - Sensor imet died (exit code: 1), restarting...
2025-12-02 11:09:53,453 - SensorManager - INFO - Started imet (PID: 76819)
2025-12-02 11:09:58,459 - SensorManager - WARNING - Sensor imet died (exit code: 1), restarting...
2025-12-02 11:09:58,463 - SensorManager - INFO - Started imet (PID: 76880)
2025-12-02 11:10:03,469 - SensorManager - WARNING - Sensor imet died (exit code: 1), restarting...
2025-12-02 11:10:03,472 - SensorManager - INFO - Started imet (PID: 76938)
2025-12-02 11:10:07,260 - SensorManager - INFO - Shutting down...
2025-12-02 11:10:07,261 - SensorManager - INFO - Stopping all processes...
2025-12-02 11:10:07,262 - SensorManager - INFO - Stopping merger process...
2025-12-02 11:10:07,271 - SensorManager - INFO - Merger stopped
2025-12-02 11:10:07,272 - SensorManager - INFO - Stopping spectro...
2025-12-02 11:10:07,289 - SensorManager - INFO - Stopped spectro
2025-12-02 11:10:07,290 - SensorManager - INFO - Stopping all processes...
2025-12-02 11:15:07,815 - SensorManager - INFO - Starting all sensor processes...
2025-12-02 11:15:07,822 - SensorManager - INFO - Started imet (PID: 77635)
2025-12-02 11:15:07,827 - SensorManager - INFO - Waiting 5s for imet to initialize...
2025-12-02 11:15:12,833 - SensorManager - INFO - Sensor pom is disabled
2025-12-02 11:15:12,834 - SensorManager - INFO - Sensor trisonica is disabled
2025-12-02 11:15:12,837 - SensorManager - INFO - Started spectro (PID: 77669)
2025-12-02 11:15:12,838 - SensorManager - INFO - Waiting 2s for spectro to initialize...
2025-12-02 11:15:14,839 - SensorManager - INFO - Waiting 15s before starting merger...
2025-12-02 11:15:29,858 - SensorManager - INFO - Started merger (PID: 77748)
2025-12-02 11:15:29,859 - SensorManager - INFO - All processes started
2025-12-02 11:15:29,860 - SensorManager - INFO - Sensor controller running. Press Ctrl+C to stop.
2025-12-02 11:15:29,860 - SensorManager - WARNING - Sensor imet died (exit code: 1), restarting...
2025-12-02 11:15:29,864 - SensorManager - INFO - Started imet (PID: 77750)
2025-12-02 11:15:34,867 - SensorManager - WARNING - Sensor imet died (exit code: 1), restarting...
2025-12-02 11:15:34,870 - SensorManager - INFO - Started imet (PID: 77786)
2025-12-02 11:15:39,877 - SensorManager - WARNING - Sensor imet died (exit code: 1), restarting...
2025-12-02 11:15:39,884 - SensorManager - INFO - Started imet (PID: 77838)
2025-12-02 11:15:44,888 - SensorManager - WARNING - Sensor imet died (exit code: 1), restarting...
2025-12-02 11:15:44,892 - SensorManager - INFO - Started imet (PID: 77885)
2025-12-02 11:15:49,628 - SensorManager - INFO - Shutting down...
2025-12-02 11:15:49,629 - SensorManager - INFO - Stopping all processes...
2025-12-02 11:15:49,629 - SensorManager - INFO - Stopping merger process...
2025-12-02 11:15:49,633 - SensorManager - INFO - Merger stopped
2025-12-02 11:15:49,634 - SensorManager - INFO - Stopping spectro...
2025-12-02 11:15:49,642 - SensorManager - INFO - Stopped spectro
2025-12-02 11:15:49,642 - SensorManager - INFO - Stopping all processes...
2025-12-02 11:20:51,894 - SensorManager - INFO - Starting all sensor processes...
2025-12-02 11:20:51,897 - SensorManager - INFO - Started imet (PID: 78312)
2025-12-02 11:20:51,898 - SensorManager - INFO - Waiting 5s for imet to initialize...
2025-12-02 11:20:56,904 - SensorManager - INFO - Sensor pom is disabled
2025-12-02 11:20:56,905 - SensorManager - INFO - Sensor trisonica is disabled
2025-12-02 11:20:56,911 - SensorManager - INFO - Started spectro (PID: 78362)
2025-12-02 11:20:56,913 - SensorManager - INFO - Waiting 2s for spectro to initialize...
2025-12-02 11:20:58,916 - SensorManager - INFO - Waiting 15s before starting merger...
2025-12-02 11:21:13,929 - SensorManager - INFO - Started merger (PID: 78425)
2025-12-02 11:21:13,931 - SensorManager - INFO - All processes started
2025-12-02 11:21:13,932 - SensorManager - INFO - Sensor controller running. Press Ctrl+C to stop.
2025-12-02 11:21:35,736 - SensorManager - INFO - Shutting down...
2025-12-02 11:21:35,737 - SensorManager - INFO - Stopping all processes...
2025-12-02 11:21:35,737 - SensorManager - INFO - Stopping merger process...
2025-12-02 11:21:35,742 - SensorManager - INFO - Merger stopped
2025-12-02 11:21:35,742 - SensorManager - INFO - Stopping imet...
2025-12-02 11:21:35,746 - SensorManager - INFO - Stopped imet
2025-12-02 11:21:35,746 - SensorManager - INFO - Stopping spectro...
2025-12-02 11:21:35,754 - SensorManager - INFO - Stopped spectro
2025-12-02 11:21:35,755 - SensorManager - INFO - Stopping all processes...
2025-12-02 13:18:33,801 - SensorManager - INFO - Starting all sensor processes...
2025-12-02 13:18:33,805 - SensorManager - INFO - Started imet (PID: 78932)
2025-12-02 13:18:33,808 - SensorManager - INFO - Waiting 5s for imet to initialize...
2025-12-02 13:18:38,815 - SensorManager - INFO - Sensor pom is disabled
2025-12-02 13:18:38,815 - SensorManager - INFO - Sensor trisonica is disabled
2025-12-02 13:18:38,819 - SensorManager - INFO - Started spectro (PID: 78979)
2025-12-02 13:18:38,819 - SensorManager - INFO - Waiting 2s for spectro to initialize...
2025-12-02 13:18:40,822 - SensorManager - INFO - Waiting 15s before starting merger...
2025-12-02 13:18:55,843 - SensorManager - INFO - Started merger (PID: 79044)
2025-12-02 13:18:55,845 - SensorManager - INFO - All processes started
2025-12-02 13:18:55,846 - SensorManager - INFO - Sensor controller running. Press Ctrl+C to stop.
2025-12-02 13:19:16,899 - SensorManager - INFO - Shutting down...
2025-12-02 13:19:16,900 - SensorManager - INFO - Stopping all processes...
2025-12-02 13:19:16,900 - SensorManager - INFO - Stopping merger process...
2025-12-02 13:19:16,904 - SensorManager - INFO - Merger stopped
2025-12-02 13:19:16,904 - SensorManager - INFO - Stopping imet...
2025-12-02 13:19:16,912 - SensorManager - INFO - Stopped imet
2025-12-02 13:19:16,913 - SensorManager - INFO - Stopping spectro...
2025-12-02 13:19:16,921 - SensorManager - INFO - Stopped spectro
2025-12-02 13:19:16,921 - SensorManager - INFO - Stopping all processes...
2025-12-02 14:59:10,399 - SensorManager - INFO - Starting all sensor processes...
2025-12-02 14:59:10,402 - SensorManager - INFO - Started imet (PID: 79739)
2025-12-02 14:59:10,403 - SensorManager - INFO - Waiting 5s for imet to initialize...
2025-12-02 14:59:15,408 - SensorManager - INFO - Sensor pom is disabled
2025-12-02 14:59:15,409 - SensorManager - INFO - Sensor trisonica is disabled
2025-12-02 14:59:15,415 - SensorManager - INFO - Started spectro (PID: 79789)
2025-12-02 14:59:15,417 - SensorManager - INFO - Waiting 2s for spectro to initialize...
2025-12-02 14:59:17,420 - SensorManager - INFO - Waiting 15s before starting merger...
2025-12-02 14:59:32,441 - SensorManager - INFO - Started merger (PID: 79856)
2025-12-02 14:59:32,445 - SensorManager - INFO - All processes started
2025-12-02 14:59:32,446 - SensorManager - INFO - Sensor controller running. Press Ctrl+C to stop.
2025-12-02 14:59:44,685 - SensorManager - INFO - Shutting down...
2025-12-02 14:59:44,685 - SensorManager - INFO - Stopping all processes...
2025-12-02 14:59:44,686 - SensorManager - INFO - Stopping merger process...
2025-12-02 14:59:44,690 - SensorManager - INFO - Merger stopped
2025-12-02 14:59:44,690 - SensorManager - INFO - Stopping imet...
2025-12-02 14:59:44,698 - SensorManager - INFO - Stopped imet
2025-12-02 14:59:44,698 - SensorManager - INFO - Stopping spectro...
2025-12-02 14:59:44,706 - SensorManager - INFO - Stopped spectro
2025-12-02 14:59:44,707 - SensorManager - INFO - Stopping all processes...
2025-12-02 15:44:11,632 - SensorManager - INFO - Starting all sensor processes...
2025-12-02 15:44:11,635 - SensorManager - INFO - Started imet (PID: 80396)
2025-12-02 15:44:11,636 - SensorManager - INFO - Waiting 2s for imet to initialize...
2025-12-02 15:44:13,638 - SensorManager - INFO - Sensor pom is disabled
2025-12-02 15:44:13,639 - SensorManager - INFO - Sensor trisonica is disabled
2025-12-02 15:44:13,642 - SensorManager - INFO - Started spectro (PID: 80418)
2025-12-02 15:44:13,643 - SensorManager - INFO - Waiting 2s for spectro to initialize...
2025-12-02 15:44:15,645 - SensorManager - INFO - Waiting 5s before starting merger...
2025-12-02 15:44:20,654 - SensorManager - INFO - Started merger (PID: 80462)
2025-12-02 15:44:20,655 - SensorManager - INFO - All processes started
2025-12-02 15:44:20,656 - SensorManager - INFO - Sensor controller running. Press Ctrl+C to stop.
2025-12-02 15:44:20,657 - SensorManager - WARNING - Sensor imet died (exit code: 1), restarting...
2025-12-02 15:44:20,661 - SensorManager - INFO - Started imet (PID: 80464)
2025-12-02 15:44:25,669 - SensorManager - WARNING - Sensor imet died (exit code: 1), restarting...
2025-12-02 15:44:25,672 - SensorManager - INFO - Started imet (PID: 80501)
2025-12-02 15:44:30,679 - SensorManager - WARNING - Sensor imet died (exit code: 1), restarting...
2025-12-02 15:44:30,682 - SensorManager - INFO - Started imet (PID: 80537)
2025-12-02 15:44:35,686 - SensorManager - WARNING - Sensor imet died (exit code: 1), restarting...
2025-12-02 15:44:35,691 - SensorManager - INFO - Started imet (PID: 80567)
2025-12-02 15:44:40,698 - SensorManager - WARNING - Sensor imet died (exit code: 1), restarting...
2025-12-02 15:44:40,701 - SensorManager - INFO - Started imet (PID: 80602)
2025-12-02 15:44:45,704 - SensorManager - WARNING - Sensor imet died (exit code: 1), restarting...
2025-12-02 15:44:45,708 - SensorManager - INFO - Started imet (PID: 80637)
2025-12-02 15:44:50,715 - SensorManager - WARNING - Sensor imet died (exit code: 1), restarting...
2025-12-02 15:44:50,719 - SensorManager - INFO - Started imet (PID: 80666)
2025-12-02 15:44:55,726 - SensorManager - WARNING - Sensor imet died (exit code: 1), restarting...
2025-12-02 15:44:55,730 - SensorManager - INFO - Started imet (PID: 80701)
2025-12-02 15:45:00,736 - SensorManager - WARNING - Sensor imet died (exit code: 1), restarting...
2025-12-02 15:45:00,740 - SensorManager - INFO - Started imet (PID: 80737)
2025-12-02 15:45:05,746 - SensorManager - WARNING - Sensor imet died (exit code: 1), restarting...
2025-12-02 15:45:05,750 - SensorManager - INFO - Started imet (PID: 80778)
2025-12-02 15:45:09,387 - SensorManager - INFO - Shutting down...
2025-12-02 15:45:09,388 - SensorManager - INFO - Stopping all processes...
2025-12-02 15:45:09,388 - SensorManager - INFO - Stopping merger process...
2025-12-02 15:45:09,392 - SensorManager - INFO - Merger stopped
2025-12-02 15:45:09,393 - SensorManager - INFO - Stopping imet...
2025-12-02 15:45:09,396 - SensorManager - INFO - Stopped imet
2025-12-02 15:45:09,397 - SensorManager - INFO - Stopping spectro...
2025-12-02 15:45:09,405 - SensorManager - INFO - Stopped spectro
2025-12-02 15:45:09,405 - SensorManager - INFO - Stopping all processes...
2025-12-02 15:45:10,760 - SensorManager - INFO - Starting all sensor processes...
2025-12-02 15:45:10,775 - SensorManager - INFO - Started imet (PID: 80846)
2025-12-02 15:45:10,777 - SensorManager - INFO - Waiting 2s for imet to initialize...
2025-12-02 15:45:12,779 - SensorManager - INFO - Sensor pom is disabled
2025-12-02 15:45:12,780 - SensorManager - INFO - Sensor trisonica is disabled
2025-12-02 15:45:12,783 - SensorManager - INFO - Started spectro (PID: 80869)
2025-12-02 15:45:12,784 - SensorManager - INFO - Waiting 2s for spectro to initialize...
2025-12-02 15:45:14,786 - SensorManager - INFO - Waiting 5s before starting merger...
2025-12-02 15:45:19,795 - SensorManager - INFO - Started merger (PID: 80906)
2025-12-02 15:45:19,796 - SensorManager - INFO - All processes started
2025-12-02 15:45:19,796 - SensorManager - INFO - Sensor controller running. Press Ctrl+C to stop.
2025-12-02 15:45:29,359 - SensorManager - INFO - Shutting down...
2025-12-02 15:45:29,360 - SensorManager - INFO - Stopping all processes...
2025-12-02 15:45:29,360 - SensorManager - INFO - Stopping merger process...
2025-12-02 15:45:29,364 - SensorManager - INFO - Merger stopped
2025-12-02 15:45:29,365 - SensorManager - INFO - Stopping imet...
2025-12-02 15:45:29,372 - SensorManager - INFO - Stopped imet
2025-12-02 15:45:29,373 - SensorManager - INFO - Stopping spectro...
2025-12-02 15:45:29,381 - SensorManager - INFO - Stopped spectro
2025-12-02 15:45:29,381 - SensorManager - INFO - Stopping all processes...
2025-12-02 15:49:02,347 - SensorManager - INFO - Starting all sensor processes...
2025-12-02 15:49:02,352 - SensorManager - INFO - Started imet (PID: 81063)
2025-12-02 15:49:02,353 - SensorManager - INFO - Waiting 2s for imet to initialize...
2025-12-02 15:49:04,356 - SensorManager - INFO - Sensor pom is disabled
2025-12-02 15:49:04,356 - SensorManager - INFO - Sensor trisonica is disabled
2025-12-02 15:49:04,360 - SensorManager - INFO - Started spectro (PID: 81085)
2025-12-02 15:49:04,360 - SensorManager - INFO - Waiting 2s for spectro to initialize...
2025-12-02 15:49:06,363 - SensorManager - INFO - Waiting 5s before starting merger...
2025-12-02 15:49:11,371 - SensorManager - INFO - Started merger (PID: 81128)
2025-12-02 15:49:11,371 - SensorManager - INFO - All processes started
2025-12-02 15:49:11,372 - SensorManager - INFO - Sensor controller running. Press Ctrl+C to stop.
2025-12-02 15:49:16,376 - SensorManager - WARNING - Merger died (exit code: 0), restarting...
2025-12-02 15:49:16,383 - SensorManager - INFO - Started merger (PID: 81160)
2025-12-02 15:49:21,391 - SensorManager - WARNING - Merger died (exit code: 0), restarting...
2025-12-02 15:49:21,395 - SensorManager - INFO - Started merger (PID: 81195)
2025-12-02 15:49:23,508 - SensorManager - INFO - Shutting down...
2025-12-02 15:49:23,508 - SensorManager - INFO - Stopping all processes...
2025-12-02 15:49:23,509 - SensorManager - INFO - Stopping imet...
2025-12-02 15:49:23,517 - SensorManager - INFO - Stopped imet
2025-12-02 15:49:23,517 - SensorManager - INFO - Stopping spectro...
2025-12-02 15:49:23,526 - SensorManager - INFO - Stopped spectro
2025-12-02 15:49:23,526 - SensorManager - INFO - Stopping all processes...
2025-12-02 15:49:30,377 - SensorManager - INFO - Starting all sensor processes...
2025-12-02 15:49:30,381 - SensorManager - INFO - Started imet (PID: 81279)
2025-12-02 15:49:30,382 - SensorManager - INFO - Waiting 2s for imet to initialize...
2025-12-02 15:49:32,386 - SensorManager - INFO - Sensor pom is disabled
2025-12-02 15:49:32,386 - SensorManager - INFO - Sensor trisonica is disabled
2025-12-02 15:49:32,390 - SensorManager - INFO - Started spectro (PID: 81320)
2025-12-02 15:49:32,390 - SensorManager - INFO - Waiting 2s for spectro to initialize...
2025-12-02 15:49:34,393 - SensorManager - INFO - Waiting 5s before starting merger...
2025-12-02 15:49:39,401 - SensorManager - INFO - Started merger (PID: 81377)
2025-12-02 15:49:39,403 - SensorManager - INFO - All processes started
2025-12-02 15:49:39,408 - SensorManager - INFO - Sensor controller running. Press Ctrl+C to stop.
2025-12-02 15:50:11,734 - SensorManager - INFO - Shutting down...
2025-12-02 15:50:11,735 - SensorManager - INFO - Stopping all processes...
2025-12-02 15:50:11,735 - SensorManager - INFO - Stopping merger process...
2025-12-02 15:50:11,738 - SensorManager - INFO - Merger stopped
2025-12-02 15:50:11,738 - SensorManager - INFO - Stopping imet...
2025-12-02 15:50:11,746 - SensorManager - INFO - Stopped imet
2025-12-02 15:50:11,747 - SensorManager - INFO - Stopping spectro...
2025-12-02 15:50:11,754 - SensorManager - INFO - Stopped spectro
2025-12-02 15:50:11,755 - SensorManager - INFO - Stopping all processes...
2025-12-02 16:24:46,546 - SensorManager - INFO - Starting all sensor processes...
2025-12-02 16:24:46,550 - SensorManager - INFO - Started imet (PID: 81851)
2025-12-02 16:24:46,551 - SensorManager - INFO - Waiting 2s for imet to initialize...
2025-12-02 16:24:48,554 - SensorManager - INFO - Sensor pom is disabled
2025-12-02 16:24:48,555 - SensorManager - INFO - Sensor trisonica is disabled
2025-12-02 16:24:48,558 - SensorManager - INFO - Started spectro (PID: 81873)
2025-12-02 16:24:48,559 - SensorManager - INFO - Waiting 2s for spectro to initialize...
2025-12-02 16:24:50,561 - SensorManager - INFO - Waiting 5s before starting merger...
2025-12-02 16:24:55,570 - SensorManager - INFO - Started merger (PID: 81918)
2025-12-02 16:24:55,570 - SensorManager - INFO - All processes started
2025-12-02 16:24:55,571 - SensorManager - INFO - Sensor controller running. Press Ctrl+C to stop.
2025-12-02 16:25:23,814 - SensorManager - INFO - Shutting down...
2025-12-02 16:25:23,814 - SensorManager - INFO - Stopping all processes...
2025-12-02 16:25:23,814 - SensorManager - INFO - Stopping merger process...
2025-12-02 16:25:23,818 - SensorManager - INFO - Merger stopped
2025-12-02 16:25:23,819 - SensorManager - INFO - Stopping imet...
2025-12-02 16:25:23,827 - SensorManager - INFO - Stopped imet
2025-12-02 16:25:23,827 - SensorManager - INFO - Stopping spectro...
2025-12-02 16:25:23,835 - SensorManager - INFO - Stopped spectro
2025-12-02 16:25:23,836 - SensorManager - INFO - Stopping all processes...
2025-12-02 16:55:02,000 - SensorManager - INFO - Starting all sensor processes...
2025-12-02 16:55:02,003 - SensorManager - INFO - Started imet (PID: 82320)
2025-12-02 16:55:02,004 - SensorManager - INFO - Waiting 2s for imet to initialize...
2025-12-02 16:55:04,007 - SensorManager - INFO - Sensor pom is disabled
2025-12-02 16:55:04,008 - SensorManager - INFO - Sensor trisonica is disabled
2025-12-02 16:55:04,012 - SensorManager - INFO - Started spectro (PID: 82345)
2025-12-02 16:55:04,014 - SensorManager - INFO - Waiting 2s for spectro to initialize...
2025-12-02 16:55:06,016 - SensorManager - INFO - Waiting 5s before starting merger...
2025-12-02 16:55:11,025 - SensorManager - INFO - Started real-time merger (PID: 82395) with interval 1.0s
2025-12-02 16:55:11,025 - SensorManager - INFO - All processes started
2025-12-02 16:55:11,026 - SensorManager - INFO - Sensor controller running. Press Ctrl+C to stop.
2025-12-02 16:55:34,995 - SensorManager - INFO - Shutting down...
2025-12-02 16:55:34,996 - SensorManager - INFO - Stopping all processes...
2025-12-02 16:55:34,997 - SensorManager - INFO - Stopping merger process...
2025-12-02 16:55:35,002 - SensorManager - INFO - Merger stopped
2025-12-02 16:55:35,003 - SensorManager - INFO - Stopping imet...
2025-12-02 16:55:35,012 - SensorManager - INFO - Stopped imet
2025-12-02 16:55:35,013 - SensorManager - INFO - Stopping spectro...
2025-12-02 16:55:35,022 - SensorManager - INFO - Stopped spectro
2025-12-02 16:55:35,023 - SensorManager - INFO - Stopping all processes...
2025-12-03 09:51:31,884 - SensorManager - INFO - Starting all sensor processes...
2025-12-03 09:51:31,887 - SensorManager - INFO - Started imet (PID: 86690)
2025-12-03 09:51:31,889 - SensorManager - INFO - Waiting 2s for imet to initialize...
2025-12-03 09:51:33,892 - SensorManager - INFO - Sensor pom is disabled
2025-12-03 09:51:33,892 - SensorManager - INFO - Sensor trisonica is disabled
2025-12-03 09:51:33,895 - SensorManager - INFO - Started spectro (PID: 86715)
2025-12-03 09:51:33,896 - SensorManager - INFO - Waiting 2s for spectro to initialize...
2025-12-03 09:51:35,899 - SensorManager - INFO - Waiting 5s before starting merger...
2025-12-03 09:51:36,861 - SensorManager - INFO - Shutting down...
2025-12-03 09:51:36,861 - SensorManager - INFO - Stopping all processes...
2025-12-03 09:51:36,862 - SensorManager - INFO - Stopping imet...
2025-12-03 09:51:36,866 - SensorManager - INFO - Stopped imet
2025-12-03 09:51:36,866 - SensorManager - INFO - Stopping spectro...
2025-12-03 09:51:36,875 - SensorManager - INFO - Stopped spectro
2025-12-03 09:52:08,132 - SensorManager - INFO - Starting all sensor processes...
2025-12-03 09:52:08,136 - SensorManager - INFO - Started imet (PID: 86807)
2025-12-03 09:52:08,137 - SensorManager - INFO - Waiting 2s for imet to initialize...
2025-12-03 09:52:10,144 - SensorManager - INFO - Started pom (PID: 86829)
2025-12-03 09:52:10,145 - SensorManager - INFO - Waiting 2s for pom to initialize...
2025-12-03 09:52:12,151 - SensorManager - INFO - Started trisonica (PID: 86841)
2025-12-03 09:52:12,152 - SensorManager - INFO - Waiting 2s for trisonica to initialize...
2025-12-03 09:52:14,155 - SensorManager - INFO - Sensor spectro is disabled
2025-12-03 09:52:14,156 - SensorManager - INFO - Waiting 5s before starting merger...
2025-12-03 09:52:19,165 - SensorManager - INFO - Started real-time merger (PID: 86894) with interval 1.0s
2025-12-03 09:52:19,166 - SensorManager - INFO - All processes started
2025-12-03 09:52:19,166 - SensorManager - INFO - Sensor controller running. Press Ctrl+C to stop.
2025-12-03 09:53:19,227 - SensorManager - INFO - === Status Report ===
2025-12-03 09:53:19,228 - SensorManager - INFO -   imet: RUNNING (Exit: None)
2025-12-03 09:53:19,228 - SensorManager - INFO -   pom: RUNNING (Exit: None)
2025-12-03 09:53:19,229 - SensorManager - INFO -   trisonica: RUNNING (Exit: None)
2025-12-03 09:53:19,229 - SensorManager - INFO -   Merger: RUNNING
2025-12-03 09:53:19,230 - SensorManager - INFO - =====================
2025-12-03 09:53:29,443 - SensorManager - INFO - Shutting down...
2025-12-03 09:53:29,443 - SensorManager - INFO - Stopping all processes...
2025-12-03 09:53:29,444 - SensorManager - INFO - Stopping merger process...
2025-12-03 09:53:29,449 - SensorManager - INFO - Merger stopped
2025-12-03 09:53:29,449 - SensorManager - INFO - Stopping imet...
2025-12-03 09:53:29,457 - SensorManager - INFO - Stopped imet
2025-12-03 09:53:29,458 - SensorManager - INFO - Stopping pom...
2025-12-03 09:53:29,573 - SensorManager - INFO - Stopped pom
2025-12-03 09:53:29,573 - SensorManager - INFO - Stopping trisonica...
2025-12-03 09:53:34,574 - SensorManager - INFO - Stopped trisonica
2025-12-03 09:53:34,574 - SensorManager - INFO - Stopping all processes...
2025-12-03 09:53:34,575 - SensorManager - INFO - Stopping trisonica...
2025-12-03 09:53:39,576 - SensorManager - INFO - Stopped trisonica
2025-12-03 10:25:12,206 - SensorManager - INFO - Starting all sensor processes...
2025-12-03 10:25:12,211 - SensorManager - INFO - Started imet (PID: 87709)
2025-12-03 10:25:12,213 - SensorManager - INFO - Waiting 2s for imet to initialize...
2025-12-03 10:25:14,220 - SensorManager - INFO - Started pom (PID: 87728)
2025-12-03 10:25:14,221 - SensorManager - INFO - Waiting 2s for pom to initialize...
2025-12-03 10:25:16,226 - SensorManager - INFO - Started trisonica (PID: 87750)
2025-12-03 10:25:16,227 - SensorManager - INFO - Waiting 2s for trisonica to initialize...
2025-12-03 10:25:18,230 - SensorManager - INFO - Sensor spectro is disabled
2025-12-03 10:25:18,230 - SensorManager - INFO - Waiting 5s before starting merger...
2025-12-03 10:25:23,239 - SensorManager - INFO - Started real-time merger (PID: 87789) with interval 1.0s
2025-12-03 10:25:23,240 - SensorManager - INFO - All processes started
2025-12-03 10:25:23,240 - SensorManager - INFO - Sensor controller running. Press Ctrl+C to stop.
2025-12-03 10:25:23,241 - SensorManager - WARNING - Sensor imet died (exit code: 1), restarting...
2025-12-03 10:25:23,245 - SensorManager - INFO - Started imet (PID: 87790)
2025-12-03 10:25:23,246 - SensorManager - WARNING - Sensor pom died (exit code: 1), restarting...
2025-12-03 10:25:23,252 - SensorManager - INFO - Started pom (PID: 87791)
2025-12-03 10:25:23,253 - SensorManager - WARNING - Sensor trisonica died (exit code: 1), restarting...
2025-12-03 10:25:23,258 - SensorManager - INFO - Started trisonica (PID: 87792)
2025-12-03 10:25:28,263 - SensorManager - WARNING - Sensor imet died (exit code: 1), restarting...
2025-12-03 10:25:28,267 - SensorManager - INFO - Started imet (PID: 87830)
2025-12-03 10:25:28,268 - SensorManager - WARNING - Sensor pom died (exit code: 1), restarting...
2025-12-03 10:25:28,273 - SensorManager - INFO - Started pom (PID: 87831)
2025-12-03 10:25:28,274 - SensorManager - WARNING - Sensor trisonica died (exit code: 1), restarting...
2025-12-03 10:25:28,280 - SensorManager - INFO - Started trisonica (PID: 87832)
2025-12-03 10:25:31,520 - SensorManager - INFO - Shutting down...
2025-12-03 10:25:31,520 - SensorManager - INFO - Stopping all processes...
2025-12-03 10:25:31,521 - SensorManager - INFO - Stopping merger process...
2025-12-03 10:25:31,525 - SensorManager - INFO - Merger stopped
2025-12-03 10:25:31,526 - SensorManager - INFO - Stopping all processes...
2025-12-03 10:25:44,023 - SensorManager - INFO - Starting all sensor processes...
2025-12-03 10:25:44,026 - SensorManager - INFO - Started imet (PID: 87908)
2025-12-03 10:25:44,027 - SensorManager - INFO - Waiting 2s for imet to initialize...
2025-12-03 10:25:46,033 - SensorManager - INFO - Started pom (PID: 87933)
2025-12-03 10:25:46,034 - SensorManager - INFO - Waiting 2s for pom to initialize...
2025-12-03 10:25:48,039 - SensorManager - INFO - Started trisonica (PID: 87934)
2025-12-03 10:25:48,040 - SensorManager - INFO - Waiting 2s for trisonica to initialize...
2025-12-03 10:25:50,043 - SensorManager - INFO - Sensor spectro is disabled
2025-12-03 10:25:50,043 - SensorManager - INFO - Waiting 5s before starting merger...
2025-12-03 10:25:55,053 - SensorManager - INFO - Started real-time merger (PID: 87981) with interval 1.0s
2025-12-03 10:25:55,057 - SensorManager - INFO - All processes started
2025-12-03 10:25:55,059 - SensorManager - INFO - Sensor controller running. Press Ctrl+C to stop.
2025-12-03 10:25:55,061 - SensorManager - WARNING - Sensor imet died (exit code: 1), restarting...
2025-12-03 10:25:55,070 - SensorManager - INFO - Started imet (PID: 87983)
2025-12-03 10:25:55,073 - SensorManager - WARNING - Sensor pom died (exit code: 1), restarting...
2025-12-03 10:25:55,089 - SensorManager - INFO - Started pom (PID: 87986)
2025-12-03 10:25:55,094 - SensorManager - WARNING - Sensor trisonica died (exit code: 1), restarting...
2025-12-03 10:25:55,116 - SensorManager - INFO - Started trisonica (PID: 87990)
2025-12-03 10:26:00,124 - SensorManager - WARNING - Sensor imet died (exit code: 1), restarting...
2025-12-03 10:26:00,131 - SensorManager - INFO - Started imet (PID: 88035)
2025-12-03 10:26:00,133 - SensorManager - WARNING - Sensor pom died (exit code: 1), restarting...
2025-12-03 10:26:00,142 - SensorManager - INFO - Started pom (PID: 88036)
2025-12-03 10:26:00,145 - SensorManager - WARNING - Sensor trisonica died (exit code: 1), restarting...
2025-12-03 10:26:00,155 - SensorManager - INFO - Started trisonica (PID: 88037)
2025-12-03 10:26:05,165 - SensorManager - WARNING - Sensor imet died (exit code: 1), restarting...
2025-12-03 10:26:05,168 - SensorManager - INFO - Started imet (PID: 88073)
2025-12-03 10:26:05,169 - SensorManager - WARNING - Sensor pom died (exit code: 1), restarting...
2025-12-03 10:26:05,173 - SensorManager - INFO - Started pom (PID: 88074)
2025-12-03 10:26:05,175 - SensorManager - WARNING - Sensor trisonica died (exit code: 1), restarting...
2025-12-03 10:26:05,181 - SensorManager - INFO - Started trisonica (PID: 88075)
2025-12-03 10:26:10,188 - SensorManager - WARNING - Sensor imet died (exit code: 1), restarting...
2025-12-03 10:26:10,192 - SensorManager - INFO - Started imet (PID: 88112)
2025-12-03 10:26:10,193 - SensorManager - WARNING - Sensor pom died (exit code: 1), restarting...
2025-12-03 10:26:10,197 - SensorManager - INFO - Started pom (PID: 88113)
2025-12-03 10:26:10,198 - SensorManager - WARNING - Sensor trisonica died (exit code: 1), restarting...
2025-12-03 10:26:10,203 - SensorManager - INFO - Started trisonica (PID: 88114)
2025-12-03 10:26:15,210 - SensorManager - WARNING - Sensor imet died (exit code: 1), restarting...
2025-12-03 10:26:15,214 - SensorManager - INFO - Started imet (PID: 88149)
2025-12-03 10:26:15,215 - SensorManager - WARNING - Sensor pom died (exit code: 1), restarting...
2025-12-03 10:26:15,219 - SensorManager - INFO - Started pom (PID: 88150)
2025-12-03 10:26:15,220 - SensorManager - WARNING - Sensor trisonica died (exit code: 1), restarting...
2025-12-03 10:26:15,225 - SensorManager - INFO - Started trisonica (PID: 88151)
2025-12-03 10:26:20,232 - SensorManager - WARNING - Sensor imet died (exit code: 1), restarting...
2025-12-03 10:26:20,236 - SensorManager - INFO - Started imet (PID: 88186)
2025-12-03 10:26:20,238 - SensorManager - WARNING - Sensor pom died (exit code: 1), restarting...
2025-12-03 10:26:20,243 - SensorManager - INFO - Started pom (PID: 88187)
2025-12-03 10:26:20,245 - SensorManager - WARNING - Sensor trisonica died (exit code: 1), restarting...
2025-12-03 10:26:20,252 - SensorManager - INFO - Started trisonica (PID: 88188)
2025-12-03 10:26:25,260 - SensorManager - WARNING - Sensor imet died (exit code: 1), restarting...
2025-12-03 10:26:25,264 - SensorManager - INFO - Started imet (PID: 88223)
2025-12-03 10:26:25,265 - SensorManager - WARNING - Sensor pom died (exit code: 1), restarting...
2025-12-03 10:26:25,269 - SensorManager - INFO - Started pom (PID: 88224)
2025-12-03 10:26:25,270 - SensorManager - WARNING - Sensor trisonica died (exit code: 1), restarting...
2025-12-03 10:26:25,274 - SensorManager - INFO - Started trisonica (PID: 88225)
2025-12-03 10:26:30,279 - SensorManager - WARNING - Sensor imet died (exit code: 1), restarting...
2025-12-03 10:26:30,283 - SensorManager - INFO - Started imet (PID: 88261)
2025-12-03 10:26:30,284 - SensorManager - WARNING - Sensor pom died (exit code: 1), restarting...
2025-12-03 10:26:30,288 - SensorManager - INFO - Started pom (PID: 88262)
2025-12-03 10:26:30,289 - SensorManager - WARNING - Sensor trisonica died (exit code: 1), restarting...
2025-12-03 10:26:30,295 - SensorManager - INFO - Started trisonica (PID: 88263)
2025-12-03 10:26:35,303 - SensorManager - WARNING - Sensor imet died (exit code: 1), restarting...
2025-12-03 10:26:35,306 - SensorManager - INFO - Started imet (PID: 88298)
2025-12-03 10:26:35,307 - SensorManager - WARNING - Sensor pom died (exit code: 1), restarting...
2025-12-03 10:26:35,312 - SensorManager - INFO - Started pom (PID: 88299)
2025-12-03 10:26:35,314 - SensorManager - WARNING - Sensor trisonica died (exit code: 1), restarting...
2025-12-03 10:26:35,320 - SensorManager - INFO - Started trisonica (PID: 88300)
2025-12-03 10:26:40,329 - SensorManager - WARNING - Sensor imet died (exit code: 1), restarting...
2025-12-03 10:26:40,333 - SensorManager - INFO - Started imet (PID: 88336)
2025-12-03 10:26:40,335 - SensorManager - WARNING - Sensor pom died (exit code: 1), restarting...
2025-12-03 10:26:40,340 - SensorManager - INFO - Started pom (PID: 88337)
2025-12-03 10:26:40,341 - SensorManager - WARNING - Sensor trisonica died (exit code: 1), restarting...
2025-12-03 10:26:40,346 - SensorManager - INFO - Started trisonica (PID: 88338)
2025-12-03 10:26:42,200 - SensorManager - INFO - Shutting down...
2025-12-03 10:26:42,200 - SensorManager - INFO - Stopping all processes...
2025-12-03 10:26:42,201 - SensorManager - INFO - Stopping merger process...
2025-12-03 10:26:42,205 - SensorManager - INFO - Merger stopped
2025-12-03 10:26:42,206 - SensorManager - INFO - Stopping all processes...
2025-12-03 10:27:13,078 - SensorManager - INFO - Starting all sensor processes...
2025-12-03 10:27:13,093 - SensorManager - INFO - Started imet (PID: 88410)
2025-12-03 10:27:13,094 - SensorManager - INFO - Waiting 2s for imet to initialize...
2025-12-03 10:27:15,099 - SensorManager - INFO - Started pom (PID: 88436)
2025-12-03 10:27:15,100 - SensorManager - INFO - Waiting 2s for pom to initialize...
2025-12-03 10:27:17,105 - SensorManager - INFO - Started trisonica (PID: 88449)
2025-12-03 10:27:17,106 - SensorManager - INFO - Waiting 2s for trisonica to initialize...
2025-12-03 10:27:19,109 - SensorManager - INFO - Sensor spectro is disabled
2025-12-03 10:27:19,110 - SensorManager - INFO - Waiting 5s before starting merger...
2025-12-03 10:27:24,118 - SensorManager - INFO - Started real-time merger (PID: 88502) with interval 1.0s
2025-12-03 10:27:24,119 - SensorManager - INFO - All processes started
2025-12-03 10:27:24,120 - SensorManager - INFO - Sensor controller running. Press Ctrl+C to stop.
2025-12-03 10:27:24,121 - SensorManager - WARNING - Sensor imet died (exit code: 1), restarting...
2025-12-03 10:27:24,125 - SensorManager - INFO - Started imet (PID: 88503)
2025-12-03 10:27:24,126 - SensorManager - WARNING - Sensor pom died (exit code: 1), restarting...
2025-12-03 10:27:24,132 - SensorManager - INFO - Started pom (PID: 88504)
2025-12-03 10:27:24,135 - SensorManager - WARNING - Sensor trisonica died (exit code: 1), restarting...
2025-12-03 10:27:24,144 - SensorManager - INFO - Started trisonica (PID: 88505)
2025-12-03 10:27:29,152 - SensorManager - WARNING - Sensor imet died (exit code: 1), restarting...
2025-12-03 10:27:29,155 - SensorManager - INFO - Started imet (PID: 88544)
2025-12-03 10:27:29,157 - SensorManager - WARNING - Sensor pom died (exit code: 1), restarting...
2025-12-03 10:27:29,161 - SensorManager - INFO - Started pom (PID: 88545)
2025-12-03 10:27:29,163 - SensorManager - WARNING - Sensor trisonica died (exit code: 1), restarting...
2025-12-03 10:27:29,168 - SensorManager - INFO - Started trisonica (PID: 88546)
2025-12-03 10:27:34,174 - SensorManager - WARNING - Sensor imet died (exit code: 1), restarting...
2025-12-03 10:27:34,177 - SensorManager - INFO - Started imet (PID: 88585)
2025-12-03 10:27:34,179 - SensorManager - WARNING - Sensor pom died (exit code: 1), restarting...
2025-12-03 10:27:34,183 - SensorManager - INFO - Started pom (PID: 88586)
2025-12-03 10:27:34,184 - SensorManager - WARNING - Sensor trisonica died (exit code: 1), restarting...
2025-12-03 10:27:34,189 - SensorManager - INFO - Started trisonica (PID: 88587)
2025-12-03 10:27:35,417 - SensorManager - INFO - Shutting down...
2025-12-03 10:27:35,418 - SensorManager - INFO - Stopping all processes...
2025-12-03 10:27:35,418 - SensorManager - INFO - Stopping merger process...
2025-12-03 10:27:35,422 - SensorManager - INFO - Merger stopped
2025-12-03 10:27:35,423 - SensorManager - INFO - Stopping all processes...
2025-12-03 10:28:56,841 - SensorManager - INFO - Starting all sensor processes...
2025-12-03 10:28:56,845 - SensorManager - INFO - Started imet (PID: 89192)
2025-12-03 10:28:56,845 - SensorManager - INFO - Waiting 2s for imet to initialize...
2025-12-03 10:28:58,851 - SensorManager - INFO - Started pom (PID: 89218)
2025-12-03 10:28:58,852 - SensorManager - INFO - Waiting 2s for pom to initialize...
2025-12-03 10:29:00,857 - SensorManager - INFO - Started trisonica (PID: 89219)
2025-12-03 10:29:00,858 - SensorManager - INFO - Waiting 2s for trisonica to initialize...
2025-12-03 10:29:02,860 - SensorManager - INFO - Sensor spectro is disabled
2025-12-03 10:29:02,861 - SensorManager - INFO - Waiting 5s before starting merger...
2025-12-03 10:29:07,869 - SensorManager - INFO - Started real-time merger (PID: 89276) with interval 1.0s
2025-12-03 10:29:07,870 - SensorManager - INFO - All processes started
2025-12-03 10:29:07,870 - SensorManager - INFO - Sensor controller running. Press Ctrl+C to stop.
2025-12-03 10:29:07,871 - SensorManager - WARNING - Sensor imet died (exit code: 1), restarting...
2025-12-03 10:29:07,875 - SensorManager - INFO - Started imet (PID: 89277)
2025-12-03 10:29:07,876 - SensorManager - WARNING - Sensor pom died (exit code: 1), restarting...
2025-12-03 10:29:07,882 - SensorManager - INFO - Started pom (PID: 89278)
2025-12-03 10:29:07,883 - SensorManager - WARNING - Sensor trisonica died (exit code: 1), restarting...
2025-12-03 10:29:07,889 - SensorManager - INFO - Started trisonica (PID: 89279)
2025-12-03 10:29:12,816 - SensorManager - INFO - Shutting down...
2025-12-03 10:29:12,817 - SensorManager - INFO - Stopping all processes...
2025-12-03 10:29:12,817 - SensorManager - INFO - Stopping merger process...
2025-12-03 10:29:12,821 - SensorManager - INFO - Merger stopped
2025-12-03 10:29:12,822 - SensorManager - INFO - Stopping all processes...
2025-12-03 10:31:08,478 - SensorManager - INFO - Starting all sensor processes...
2025-12-03 10:31:08,481 - SensorManager - INFO - Started imet (PID: 89768)
2025-12-03 10:31:08,482 - SensorManager - INFO - Waiting 2s for imet to initialize...
2025-12-03 10:31:10,487 - SensorManager - INFO - Started pom (PID: 89791)
2025-12-03 10:31:10,488 - SensorManager - INFO - Waiting 2s for pom to initialize...
2025-12-03 10:31:12,492 - SensorManager - INFO - Started trisonica (PID: 89799)
2025-12-03 10:31:12,493 - SensorManager - INFO - Waiting 2s for trisonica to initialize...
2025-12-03 10:31:14,495 - SensorManager - INFO - Sensor spectro is disabled
2025-12-03 10:31:14,496 - SensorManager - INFO - Waiting 5s before starting merger...
2025-12-03 10:31:19,504 - SensorManager - INFO - Started real-time merger (PID: 89882) with interval 1.0s
2025-12-03 10:31:19,505 - SensorManager - INFO - All processes started
2025-12-03 10:31:19,505 - SensorManager - INFO - Sensor controller running. Press Ctrl+C to stop.
2025-12-03 10:31:40,268 - SensorManager - INFO - Shutting down...
2025-12-03 10:31:40,269 - SensorManager - INFO - Stopping all processes...
2025-12-03 10:31:40,269 - SensorManager - INFO - Stopping merger process...
2025-12-03 10:31:40,274 - SensorManager - INFO - Merger stopped
2025-12-03 10:31:40,275 - SensorManager - INFO - Stopping imet...
2025-12-03 10:31:40,284 - SensorManager - INFO - Stopped imet
2025-12-03 10:31:40,284 - SensorManager - INFO - Stopping pom...
2025-12-03 10:31:40,401 - SensorManager - INFO - Stopped pom
2025-12-03 10:31:40,401 - SensorManager - INFO - Stopping trisonica...
2025-12-03 10:31:45,402 - SensorManager - INFO - Stopped trisonica
2025-12-03 10:31:45,403 - SensorManager - INFO - Stopping all processes...
2025-12-03 10:31:45,403 - SensorManager - INFO - Stopping trisonica...
2025-12-03 10:31:50,404 - SensorManager - INFO - Stopped trisonica
2025-12-03 10:53:35,068 - SensorManager - INFO - Starting all sensor processes...
2025-12-03 10:53:35,072 - SensorManager - INFO - Started imet (PID: 90810)
2025-12-03 10:53:35,073 - SensorManager - INFO - Waiting 2s for imet to initialize...
2025-12-03 10:53:37,078 - SensorManager - INFO - Started pom (PID: 90844)
2025-12-03 10:53:37,079 - SensorManager - INFO - Waiting 2s for pom to initialize...
2025-12-03 10:53:39,084 - SensorManager - INFO - Started trisonica (PID: 90859)
2025-12-03 10:53:39,085 - SensorManager - INFO - Waiting 2s for trisonica to initialize...
2025-12-03 10:53:41,088 - SensorManager - INFO - Sensor spectro is disabled
2025-12-03 10:53:41,089 - SensorManager - INFO - Waiting 5s before starting merger...
2025-12-03 10:53:46,097 - SensorManager - INFO - Started real-time merger (PID: 90910) with interval 1.0s
2025-12-03 10:53:46,098 - SensorManager - INFO - All processes started
2025-12-03 10:53:46,099 - SensorManager - INFO - Sensor controller running. Press Ctrl+C to stop.
2025-12-03 10:54:13,047 - SensorManager - INFO - Shutting down...
2025-12-03 10:54:13,048 - SensorManager - INFO - Stopping all processes...
2025-12-03 10:54:13,050 - SensorManager - INFO - Stopping merger process...
2025-12-03 10:54:13,060 - SensorManager - INFO - Merger stopped
2025-12-03 10:54:13,061 - SensorManager - INFO - Stopping imet...
2025-12-03 10:54:13,077 - SensorManager - INFO - Stopped imet
2025-12-03 10:54:13,078 - SensorManager - INFO - Stopping pom...
2025-12-03 10:54:13,087 - SensorManager - INFO - Stopped pom
2025-12-03 10:54:13,088 - SensorManager - INFO - Stopping trisonica...
2025-12-03 10:54:13,107 - SensorManager - INFO - Stopped trisonica
2025-12-03 10:54:13,108 - SensorManager - INFO - Stopping all processes...
2025-12-03 11:34:39,982 - SensorManager - INFO - Starting all sensor processes...
2025-12-03 11:34:39,986 - SensorManager - INFO - Started imet (PID: 91717)
2025-12-03 11:34:39,987 - SensorManager - INFO - Waiting 2s for imet to initialize...
2025-12-03 11:34:41,992 - SensorManager - INFO - Started pom (PID: 91745)
2025-12-03 11:34:41,993 - SensorManager - INFO - Waiting 2s for pom to initialize...
2025-12-03 11:34:43,999 - SensorManager - INFO - Started trisonica (PID: 91748)
2025-12-03 11:34:44,000 - SensorManager - INFO - Waiting 2s for trisonica to initialize...
2025-12-03 11:34:46,002 - SensorManager - INFO - Sensor spectro is disabled
2025-12-03 11:34:46,003 - SensorManager - INFO - Waiting 5s before starting merger...
2025-12-03 11:34:51,015 - SensorManager - INFO - Started real-time merger (PID: 91815) with interval 1.0s
2025-12-03 11:34:51,017 - SensorManager - INFO - All processes started
2025-12-03 11:34:51,018 - SensorManager - INFO - Sensor controller running. Press Ctrl+C to stop.
2025-12-03 11:35:32,095 - SensorManager - INFO - Shutting down...
2025-12-03 11:35:32,096 - SensorManager - INFO - Stopping all processes...
2025-12-03 11:35:32,096 - SensorManager - INFO - Stopping merger process...
2025-12-03 11:35:32,102 - SensorManager - INFO - Merger stopped
2025-12-03 11:35:32,102 - SensorManager - INFO - Stopping imet...
2025-12-03 11:35:32,119 - SensorManager - INFO - Stopped imet
2025-12-03 11:35:32,120 - SensorManager - INFO - Stopping pom...
2025-12-03 11:35:32,125 - SensorManager - INFO - Stopped pom
2025-12-03 11:35:32,125 - SensorManager - INFO - Stopping trisonica...
2025-12-03 11:35:32,190 - SensorManager - INFO - Stopped trisonica
2025-12-03 11:35:32,190 - SensorManager - INFO - Stopping all processes...
2025-12-04 10:26:43,363 - SensorManager - INFO - Starting all sensor processes...
2025-12-04 10:26:43,370 - SensorManager - INFO - Started imet (PID: 2657)
2025-12-04 10:26:43,371 - SensorManager - INFO - Waiting 2s for imet to initialize...
2025-12-04 10:26:45,377 - SensorManager - INFO - Started pom (PID: 2703)
2025-12-04 10:26:45,445 - SensorManager - INFO - Waiting 2s for pom to initialize...
2025-12-04 10:26:47,453 - SensorManager - INFO - Started trisonica (PID: 2742)
2025-12-04 10:26:47,455 - SensorManager - INFO - Waiting 2s for trisonica to initialize...
2025-12-04 10:26:49,457 - SensorManager - INFO - Sensor spectro is disabled
2025-12-04 10:26:49,458 - SensorManager - INFO - Waiting 5s before starting merger...
2025-12-04 10:26:54,464 - SensorManager - INFO - Started real-time merger (PID: 2845) with interval 1.0s
2025-12-04 10:26:54,465 - SensorManager - INFO - All processes started
2025-12-04 10:26:54,465 - SensorManager - INFO - Sensor controller running. Press Ctrl+C to stop.
2025-12-04 10:27:15,956 - SensorManager - INFO - Shutting down...
2025-12-04 10:27:15,957 - SensorManager - INFO - Stopping all processes...
2025-12-04 10:27:15,957 - SensorManager - INFO - Stopping merger process...
2025-12-04 10:27:15,962 - SensorManager - INFO - Merger stopped
2025-12-04 10:27:15,963 - SensorManager - INFO - Stopping imet...
2025-12-04 10:27:15,971 - SensorManager - INFO - Stopped imet
2025-12-04 10:27:15,972 - SensorManager - INFO - Stopping pom...
2025-12-04 10:27:15,980 - SensorManager - INFO - Stopped pom
2025-12-04 10:27:15,980 - SensorManager - INFO - Stopping trisonica...
2025-12-04 10:27:15,988 - SensorManager - INFO - Stopped trisonica
2025-12-04 10:27:15,989 - SensorManager - INFO - Stopping all processes...
2025-12-04 10:27:27,285 - SensorManager - INFO - Starting all sensor processes...
2025-12-04 10:27:27,289 - SensorManager - INFO - Started imet (PID: 2969)
2025-12-04 10:27:27,290 - SensorManager - INFO - Waiting 2s for imet to initialize...
2025-12-04 10:27:29,296 - SensorManager - INFO - Started pom (PID: 2992)
2025-12-04 10:27:29,297 - SensorManager - INFO - Waiting 2s for pom to initialize...
2025-12-04 10:27:31,302 - SensorManager - INFO - Started trisonica (PID: 3003)
2025-12-04 10:27:31,303 - SensorManager - INFO - Waiting 2s for trisonica to initialize...
2025-12-04 10:27:33,309 - SensorManager - INFO - Started spectro (PID: 3026)
2025-12-04 10:27:33,310 - SensorManager - INFO - Waiting 2s for spectro to initialize...
2025-12-04 10:27:35,313 - SensorManager - INFO - Waiting 5s before starting merger...
2025-12-04 10:27:40,320 - SensorManager - INFO - Started real-time merger (PID: 3122) with interval 1.0s
2025-12-04 10:27:40,321 - SensorManager - INFO - All processes started
2025-12-04 10:27:40,321 - SensorManager - INFO - Sensor controller running. Press Ctrl+C to stop.
2025-12-04 10:28:40,384 - SensorManager - INFO - === Status Report ===
2025-12-04 10:28:40,385 - SensorManager - INFO -   imet: RUNNING (Exit: None)
2025-12-04 10:28:40,386 - SensorManager - INFO -   pom: RUNNING (Exit: None)
2025-12-04 10:28:40,386 - SensorManager - INFO -   trisonica: RUNNING (Exit: None)
2025-12-04 10:28:40,387 - SensorManager - INFO -   spectro: RUNNING (Exit: None)
2025-12-04 10:28:40,387 - SensorManager - INFO -   Merger: RUNNING
2025-12-04 10:28:40,387 - SensorManager - INFO - =====================
2025-12-04 10:29:06,234 - SensorManager - INFO - Shutting down...
2025-12-04 10:29:06,235 - SensorManager - INFO - Stopping all processes...
2025-12-04 10:29:06,236 - SensorManager - INFO - Stopping merger process...
2025-12-04 10:29:06,245 - SensorManager - INFO - Merger stopped
2025-12-04 10:29:06,247 - SensorManager - INFO - Stopping imet...
2025-12-04 10:29:06,257 - SensorManager - INFO - Stopped imet
2025-12-04 10:29:06,259 - SensorManager - INFO - Stopping pom...
2025-12-04 10:29:06,278 - SensorManager - INFO - Stopped pom
2025-12-04 10:29:06,279 - SensorManager - INFO - Stopping trisonica...
2025-12-04 10:29:06,289 - SensorManager - INFO - Stopped trisonica
2025-12-04 10:29:06,290 - SensorManager - INFO - Stopping spectro...
2025-12-04 10:29:06,307 - SensorManager - INFO - Stopped spectro
2025-12-04 10:29:06,308 - SensorManager - INFO - Stopping all processes...
2025-12-04 10:34:56,804 - SensorManager - INFO - Starting all sensor processes...
2025-12-04 10:34:56,808 - SensorManager - INFO - Started imet (PID: 3433)
2025-12-04 10:34:56,809 - SensorManager - INFO - Waiting 2s for imet to initialize...
2025-12-04 10:34:58,818 - SensorManager - INFO - Started pom (PID: 3462)
2025-12-04 10:34:58,819 - SensorManager - INFO - Waiting 2s for pom to initialize...
2025-12-04 10:35:00,825 - SensorManager - INFO - Started trisonica (PID: 3464)
2025-12-04 10:35:00,826 - SensorManager - INFO - Waiting 2s for trisonica to initialize...
2025-12-04 10:35:02,831 - SensorManager - INFO - Started spectro (PID: 3491)
2025-12-04 10:35:02,832 - SensorManager - INFO - Waiting 2s for spectro to initialize...
2025-12-04 10:35:04,834 - SensorManager - INFO - Waiting 5s before starting merger...
2025-12-04 10:35:09,843 - SensorManager - INFO - Started real-time merger (PID: 3532) with interval 1.0s
2025-12-04 10:35:09,844 - SensorManager - INFO - All processes started
2025-12-04 10:35:09,845 - SensorManager - INFO - Sensor controller running. Press Ctrl+C to stop.
2025-12-04 10:36:09,903 - SensorManager - INFO - === Status Report ===
2025-12-04 10:36:09,903 - SensorManager - INFO -   imet: RUNNING (Exit: None)
2025-12-04 10:36:09,904 - SensorManager - INFO -   pom: RUNNING (Exit: None)
2025-12-04 10:36:09,904 - SensorManager - INFO -   trisonica: RUNNING (Exit: None)
2025-12-04 10:36:09,904 - SensorManager - INFO -   spectro: RUNNING (Exit: None)
2025-12-04 10:36:09,904 - SensorManager - INFO -   Merger: RUNNING
2025-12-04 10:36:09,904 - SensorManager - INFO - =====================
2025-12-04 10:37:02,549 - SensorManager - INFO - Shutting down...
2025-12-04 10:37:02,550 - SensorManager - INFO - Stopping all processes...
2025-12-04 10:37:02,550 - SensorManager - INFO - Stopping merger process...
2025-12-04 10:37:02,559 - SensorManager - INFO - Merger stopped
2025-12-04 10:37:02,561 - SensorManager - INFO - Stopping imet...
2025-12-04 10:37:02,578 - SensorManager - INFO - Stopped imet
2025-12-04 10:37:02,579 - SensorManager - INFO - Stopping pom...
2025-12-04 10:37:02,589 - SensorManager - INFO - Stopped pom
2025-12-04 10:37:02,590 - SensorManager - INFO - Stopping trisonica...
2025-12-04 10:37:02,607 - SensorManager - INFO - Stopped trisonica
2025-12-04 10:37:02,607 - SensorManager - INFO - Stopping spectro...
2025-12-04 10:37:02,624 - SensorManager - INFO - Stopped spectro
2025-12-04 10:37:02,625 - SensorManager - INFO - Stopping all processes...
2025-12-04 12:50:29,198 - SensorManager - INFO - Starting all sensor processes...
2025-12-04 12:50:29,202 - SensorManager - INFO - Started imet (PID: 6068)
2025-12-04 12:50:29,203 - SensorManager - INFO - Waiting 2s for imet to initialize...
2025-12-04 12:50:31,208 - SensorManager - INFO - Started pom (PID: 6104)
2025-12-04 12:50:31,209 - SensorManager - INFO - Waiting 2s for pom to initialize...
2025-12-04 12:50:33,214 - SensorManager - INFO - Started trisonica (PID: 6117)
2025-12-04 12:50:33,215 - SensorManager - INFO - Waiting 2s for trisonica to initialize...
2025-12-04 12:50:35,220 - SensorManager - INFO - Started spectro (PID: 6154)
2025-12-04 12:50:35,221 - SensorManager - INFO - Waiting 2s for spectro to initialize...
2025-12-04 12:50:37,224 - SensorManager - INFO - Waiting 5s before starting merger...
2025-12-04 12:50:42,232 - SensorManager - INFO - Started real-time merger (PID: 6217) with interval 1.0s
2025-12-04 12:50:42,233 - SensorManager - INFO - All processes started
2025-12-04 12:50:42,233 - SensorManager - INFO - Sensor controller running. Press Ctrl+C to stop.
2025-12-04 12:51:17,585 - SensorManager - INFO - Shutting down...
2025-12-04 12:51:17,586 - SensorManager - INFO - Stopping all processes...
2025-12-04 12:51:17,586 - SensorManager - INFO - Stopping merger process...
2025-12-04 12:51:17,596 - SensorManager - INFO - Merger stopped
2025-12-04 12:51:17,596 - SensorManager - INFO - Stopping imet...
2025-12-04 12:51:17,605 - SensorManager - INFO - Stopped imet
2025-12-04 12:51:17,606 - SensorManager - INFO - Stopping pom...
2025-12-04 12:51:17,622 - SensorManager - INFO - Stopped pom
2025-12-04 12:51:17,623 - SensorManager - INFO - Stopping trisonica...
2025-12-04 12:51:17,631 - SensorManager - INFO - Stopped trisonica
2025-12-04 12:51:17,632 - SensorManager - INFO - Stopping spectro...
2025-12-04 12:51:17,650 - SensorManager - INFO - Stopped spectro
2025-12-04 12:51:17,650 - SensorManager - INFO - Stopping all processes...
